---
source: crates/oxc_linter/src/tester.rs
assertion_line: 505
---

  ⚠ eslint(no-octal): Don't use legacy octal literals.
   ╭─[no_octal.tsx:1:1]
 1 │ 00
   · ──
   ╰────
  help: Use a decimal or explicit `0o` octal literal instead.

  ⚠ eslint(no-octal): Don't use legacy octal literals.
   ╭─[no_octal.tsx:1:1]
 1 │ 01
   · ──
   ╰────
  help: Use a decimal or explicit `0o` octal literal instead.

  ⚠ eslint(no-octal): Don't use legacy octal literals.
   ╭─[no_octal.tsx:1:1]
 1 │ 0123
   · ────
   ╰────
  help: Use a decimal or explicit `0o` octal literal instead.

  ⚠ eslint(no-octal): Don't use legacy octal literals.
   ╭─[no_octal.tsx:1:1]
 1 │ 0777
   · ────
   ╰────
  help: Use a decimal or explicit `0o` octal literal instead.
