---
source: crates/oxc_linter/src/tester.rs
assertion_line: 505
---

  ⚠ oxc(no-uniq-key): Do not use generated values for keys of React list components.
   ╭─[no_uniq_key.tsx:1:12]
 1 │ <Item key={Math.random()} />
   ·            ─────────────
   ╰────
  help: Use a stable identifier from the list item.

  ⚠ oxc(no-uniq-key): Do not use generated values for keys of React list components.
   ╭─[no_uniq_key.tsx:1:12]
 1 │ <Item key={Date.now()} />
   ·            ──────────
   ╰────
  help: Use a stable identifier from the list item.
