---
source: crates/oxc_linter/src/tester.rs
assertion_line: 505
---

  ⚠ oxc(no-literal-call): Do not use a literal expression as a function.
   ╭─[no_literal_call.tsx:1:1]
 1 │ 'value'()
   · ───────
   ╰────
  help: Call a named function instead of a literal value.

  ⚠ oxc(no-literal-call): Do not use a literal expression as a function.
   ╭─[no_literal_call.tsx:1:1]
 1 │ [value]()
   · ───────
   ╰────
  help: Call a named function instead of a literal value.
