---
source: crates/oxc_linter/src/tester.rs
---

  ⚠ oxc(label-position): Move this label to a loop or switch statement.
   ╭─[label_position.tsx:1:1]
 1 │ label: if (value) run();
   · ─────
   ╰────
  help: Labels should identify statements that can be continued or broken.

  ⚠ oxc(label-position): Move this label to a loop or switch statement.
   ╭─[label_position.tsx:1:1]
 1 │ $: run();
   · ─
   ╰────
  help: Labels should identify statements that can be continued or broken.
