---
source: crates/oxc_linter/src/tester.rs
assertion_line: 505
---

  ⚠ oxc(no-unknown-returns): This function exposes `unknown` to its caller.
   ╭─[no_unknown_returns.tsx:1:18]
 1 │ function load(): unknown { return input; }
   ·                  ───────
   ╰────
  help: Parse the value at its boundary and return a named domain type.

  ⚠ oxc(no-unknown-returns): This function exposes `unknown` to its caller.
   ╭─[no_unknown_returns.tsx:1:18]
 1 │ const load = (): Promise<unknown> => input;
   ·                  ────────────────
   ╰────
  help: Parse the value at its boundary and return a named domain type.
