---
source: crates/oxc_linter/src/tester.rs
assertion_line: 505
---

  ⚠ oxc(no-unsafe-dictionary-type): This dictionary's `unknown` value type is unsafe.
   ╭─[no_unsafe_dictionary_type.tsx:1:15]
 1 │ type Values = Record<string, unknown>;
   ·               ───────────────────────
   ╰────
  help: Use an owner/schema-derived value type and parse payloads before insertion.

  ⚠ oxc(no-unsafe-dictionary-type): This dictionary's `any` value type is unsafe.
   ╭─[no_unsafe_dictionary_type.tsx:1:15]
 1 │ type Values = Readonly<Record<string, any>>;
   ·               ─────────────────────────────
   ╰────
  help: Use an owner/schema-derived value type and parse payloads before insertion.
