---
source: crates/oxc_linter/src/tester.rs
assertion_line: 505
---

  ⚠ oxc(no-small-switch): Replace this trivial switch statement.
   ╭─[no_small_switch.tsx:1:1]
 1 │ switch (value) { case 1: one(); }
   · ─────────────────────────────────
   ╰────
  help: Use an if statement when there are fewer than two meaningful cases.

  ⚠ oxc(no-small-switch): Replace this trivial switch statement.
   ╭─[no_small_switch.tsx:1:1]
 1 │ switch (value) { case 1: one(); default: two(); }
   · ─────────────────────────────────────────────────
   ╰────
  help: Use an if statement when there are fewer than two meaningful cases.
