---
source: crates/oxc_linter/src/tester.rs
assertion_line: 505
---

  ⚠ oxc(no-runtime-typeof): Avoid runtime `typeof` checks for external values.
   ╭─[no_runtime_typeof.tsx:1:1]
 1 │ typeof value
   · ────────────
   ╰────
  help: Decode input at its I/O boundary, then branch on the domain value.

  ⚠ oxc(no-runtime-typeof): Avoid runtime `typeof` checks for external values.
   ╭─[no_runtime_typeof.tsx:1:1]
 1 │ typeof value === 'string'
   · ────────────
   ╰────
  help: Decode input at its I/O boundary, then branch on the domain value.
