---
source: crates/oxc_linter/src/tester.rs
assertion_line: 505
---

  ⚠ oxc(no-redundant-boolean): Refactor the expression to avoid a redundant boolean literal.
   ╭─[no_redundant_boolean.tsx:1:16]
 1 │ const result = value == true;
   ·                ─────────────
   ╰────
  help: Use the operand directly or invert it explicitly.

  ⚠ oxc(no-redundant-boolean): Refactor the expression to avoid a redundant boolean literal.
   ╭─[no_redundant_boolean.tsx:1:16]
 1 │ const result = value && false;
   ·                ──────────────
   ╰────
  help: Use the operand directly or invert it explicitly.
