---
source: crates/oxc_linter/src/tester.rs
assertion_line: 505
---

  ⚠ oxc(no-conditional-empty-object-spread): Avoid conditionally spreading an empty object.
   ╭─[no_conditional_empty_object_spread.tsx:1:18]
 1 │ const result = { ...(condition ? { value } : {}) };
   ·                  ───────────────────────────────
   ╰────
  help: Build the object explicitly and add the property only when present.

  ⚠ oxc(no-conditional-empty-object-spread): Avoid conditionally spreading an empty object.
   ╭─[no_conditional_empty_object_spread.tsx:1:18]
 1 │ const result = { ...(condition ? {} : { value }) };
   ·                  ───────────────────────────────
   ╰────
  help: Build the object explicitly and add the property only when present.
