---
source: crates/oxc_linter/src/tester.rs
assertion_line: 505
---

  ⚠ oxc(no-hardcoded-secrets): Do not hard-code a service credential.
   ╭─[no_hardcoded_secrets.tsx:1:15]
 1 │ const token = "ghp_1234567890abcdef";
   ·               ──────────────────────
   ╰────
  help: Load credentials from a secret manager or environment variable.

  ⚠ oxc(no-hardcoded-secrets): Do not hard-code a service credential.
   ╭─[no_hardcoded_secrets.tsx:1:15]
 1 │ const token = "eyJheader.payload.signature";
   ·               ─────────────────────────────
   ╰────
  help: Load credentials from a secret manager or environment variable.
